// Jest Snapshot v1, https://goo.gl/fbAQLP

exports[`<App /> should be rendered correctly 1`] = `
<AppErrorBoundary>
  <Component>
    <Provider
      store={
        Object {
          "dispatch": [Function],
          "getState": [Function],
          "replaceReducer": [Function],
          "subscribe": [Function],
          Symbol(observable): [Function],
        }
      }
    >
      <PersistGate
        loading={null}
        persistor={
          Object {
            "dispatch": [Function],
            "flush": [Function],
            "getState": [Function],
            "pause": [Function],
            "persist": [Function],
            "purge": [Function],
            "replaceReducer": [Function],
            "subscribe": [Function],
            Symbol(observable): [Function],
          }
        }
      >
        <div
          className="page-container"
        >
          <PageHeader />
          <div
            className="page-container__content"
          >
            <Switch>
              <Route
                component={[Function]}
                exact={true}
                path={
                  Array [
                    "/search/:searchString",
                    "/search/",
                    "/search",
                    "/",
                  ]
                }
              />
              <Route
                component={[Function]}
                exact={true}
                path="/film/:id?"
              />
              <Route
                component={[Function]}
                path="/404"
              />
              <Route
                component={[Function]}
              />
            </Switch>
          </div>
          <PageFooter />
        </div>
      </PersistGate>
    </Provider>
  </Component>
</AppErrorBoundary>
`;
